<html>
<body>
<pre>
<h1>µVision Build Log</h1>
<h2>Project:</h2>
C:\Keil\Labware\Lab10_TrafficLight\Lab10.uvproj
Project File Date:  07/10/2021

<h2>Output:</h2>
Build target 'Lab10'
compiling TrafficLight.c...
linking...
Program Size: Code=4288 RO-data=14392 RW-data=76 ZI-data=1756  
".\Lab10.axf" - 0 Error(s), 0 Warning(s).
ls.
Finished: 1 information, 0 warning and 1 error messages.
".\Lab10.axf" - 1 Error(s), 0 Warning(s).
Target not created
 from trafficlight.o).
Not enough information to list image symbols.
Finished: 1 information, 0 warning and 1 error messages.
".\Lab10.axf" - 1 Error(s), 1 Warning(s).
Target not created
