<html>
<body>
<pre>
<h1>µVision Build Log</h1>
<h2>Project:</h2>
C:\Keil\Labware\Lab7_HeartBlock\Lab7.uvproj
Project File Date:  12/29/2014

<h2>Output:</h2>
Build target 'Lab7'
compiling main.c...
linking...
Program Size: Code=4292 RO-data=6156 RW-data=84 ZI-data=1756  
".\Lab7.axf" - 0 Error(s), 0 Warning(s).
</pre>
</body>
</html>
axf" 
Connecting: Mode=JTAG, Speed=1000000Hz
Erase Done.
Programming Done.
Verify OK.
Error: Target DLL has been cancelled. Debugger aborted !
Load "C:\\Keil\\Labware\\Lab7_HeartBlock\\Lab7.axf" 
Connecting: Mode=JTAG, Speed=1000000Hz
Connection failed!, error code=&d
Error: Flash Download failed  -  Target DLL has been cancelled
Load "C:\\Keil\\Labware\\Lab7_HeartBlock\\Lab7.axf" 
Connecting: Mode=JTAG, Speed=1000000Hz
Erase Done.
Programming Done.
Verify OK.
